<my-element label="Title"><div class="transclusion-test">
  <p>This is a transclusion test</p>
  <strong>Title</strong>
  <div class="transclusion-here">Please <span>Luke</span>, transclude me!</div>
</div></my-element>