<ul>
  <li>First Item</li><li class="active">Active Item</li><li>Last Item</li>
</ul>