<ul>
  <li>
    0: <a href="mailto:guilherme@email.com">Guilherme</a>
  </li><li>
    1: <a href="mailto:junin@email.com">Junin</a>
  </li><li>
    2: <a href="mailto:zillao@email.com">Zillao</a>
  </li>
</ul>