<ul>
  <li>
    0: Banana
  </li><li>
    1: Orange
  </li><li>
    2: Apple
  </li><li>
    3: Pear
  </li>
</ul>