<div>
  <span class="name">Guilherme</span>
  <p>
    <strong>Front-end Developer</strong>
  </p>
  <a href="mailto:guilherme@email.com">Guilherme Santiago</a>
</div>