<ol>
  <li>
    Guilherme
    <span class="skill">
      html
    </span><span class="skill">
      css
    </span><span class="skill">
      js
    </span>
  </li><li>
    Zilla
    <span class="skill">
      php
    </span><span class="skill">
      mysql
    </span>
  </li><li>
    Junin
  </li>
</ol>