<ul>
  <li>
    <span>Nº: 1</span>
    <strong>Guilherme</strong>
    <a href="mailto:guilherme@email.com">Send email</a>
  </li><li>
    <span>Nº: 2</span>
    <strong>Zilla</strong>
  </li><li>
    <span>Nº: 3</span>
    <strong>Junin</strong>
    <a href="mailto:junin@email.com">Send email</a>
  </li>
</ul>