<div>
  Initial user
  Initial index
  Initial key
  Initial total
  Initial first
  Initial middle
  Initial last
  Initial even
  Initial odd
  <p>
    Guilherme
    0
    0
    3
    true
    false
    false
    true
    false
  </p><p>
    Junin
    1
    1
    3
    false
    true
    false
    false
    true
  </p><p>
    Zilla
    2
    2
    3
    false
    false
    true
    true
    false
  </p>
  Initial user
  Initial index
  Initial key
  Initial total
  Initial first
  Initial middle
  Initial last
  Initial even
  Initial odd
</div>